#-----------------------------------------------------------
# Vivado v2024.2 (64-bit)
# SW Build 5239630 on Fri Nov 08 22:34:34 MST 2024
# IP Build 5239520 on Sun Nov 10 16:12:51 MST 2024
# SharedData Build 5239561 on Fri Nov 08 14:39:27 MST 2024
# Start of session at: Thu Jan  9 22:10:36 2025
# Process ID         : 411416
# Current directory  : /home/yanarion/Projet/enigme_scout/synthese-implementation
# Command line       : vivado -mode tcl -script labo_3_synth_impl.tcl
# Log file           : /home/yanarion/Projet/enigme_scout/synthese-implementation/vivado.log
# Journal file       : /home/yanarion/Projet/enigme_scout/synthese-implementation/vivado.jou
# Running On         : YannTourArch
# Platform           : Arch
# Operating System   : Arch Linux
# Processor Detail   : AMD Ryzen 7 5800X 8-Core Processor
# CPU Frequency      : 4534.399 MHz
# CPU Physical cores : 8
# CPU Logical cores  : 16
# Host memory        : 50433 MB
# Swap memory        : 4294 MB
# Total Virtual      : 54728 MB
# Available Virtual  : 30524 MB
#-----------------------------------------------------------
source labo_3_synth_impl.tcl
